✖ [2796/2800] Building RepVerify.P4ConjClassSn (1.0s)
trace: .> LEAN_PATH=/home/runner/work/shuati/shuati/math/representation-theory/lean-v001/.lake/packages/Cli/.lake/build/lib/lean:/home/runner/work/shuati/shuati/math/representation-theory/lean-v001/.lake/packages/batteries/.lake/build/lib/lean:/home/runner/work/shuati/shuati/math/representation-theory/lean-v001/.lake/packages/Qq/.lake/build/lib/lean:/home/runner/work/shuati/shuati/math/representation-theory/lean-v001/.lake/packages/aesop/.lake/build/lib/lean:/home/runner/work/shuati/shuati/math/representation-theory/lean-v001/.lake/packages/proofwidgets/.lake/build/lib/lean:/home/runner/work/shuati/shuati/math/representation-theory/lean-v001/.lake/packages/importGraph/.lake/build/lib/lean:/home/runner/work/shuati/shuati/math/representation-theory/lean-v001/.lake/packages/LeanSearchClient/.lake/build/lib/lean:/home/runner/work/shuati/shuati/math/representation-theory/lean-v001/.lake/packages/plausible/.lake/build/lib/lean:/home/runner/work/shuati/shuati/math/representation-theory/lean-v001/.lake/packages/mathlib/.lake/build/lib/lean:/home/runner/work/shuati/shuati/math/representation-theory/lean-v001/.lake/build/lib/lean /home/runner/.elan/toolchains/leanprover--lean4---v4.29.1/bin/lean /home/runner/work/shuati/shuati/math/representation-theory/lean-v001/RepVerify/P4ConjClassSn.lean -o /home/runner/work/shuati/shuati/math/representation-theory/lean-v001/.lake/build/lib/lean/RepVerify/P4ConjClassSn.olean -i /home/runner/work/shuati/shuati/math/representation-theory/lean-v001/.lake/build/lib/lean/RepVerify/P4ConjClassSn.ilean -c /home/runner/work/shuati/shuati/math/representation-theory/lean-v001/.lake/build/ir/RepVerify/P4ConjClassSn.c --setup /home/runner/work/shuati/shuati/math/representation-theory/lean-v001/.lake/build/ir/RepVerify/P4ConjClassSn.setup.json --json
error: RepVerify/P4ConjClassSn.lean:48:63: Tactic `rewrite` failed: Did not find an occurrence of the pattern
  ∏ x ∈ ?s, if ?a = x then ?b x else 1
in the target expression
  a * ∏ n ∈ m.toFinset, n ^ Multiset.count n m =
    (∏ x ∈ m.toFinset, x ^ Multiset.count x m) * ∏ x ∈ m.toFinset, if x = a then x else 1

case pos
a : ℕ
m : Multiset ℕ
ih : m.prod = ∏ n ∈ m.toFinset, n ^ Multiset.count n m
ha : a ∈ m
hc_a : Multiset.count a (a ::ₘ m) = Multiset.count a m + 1
step : ∀ n ∈ m.toFinset, n ^ Multiset.count n (a ::ₘ m) = n ^ Multiset.count n m * if n = a then n else 1
⊢ a * ∏ n ∈ m.toFinset, n ^ Multiset.count n m =
    (∏ x ∈ m.toFinset, x ^ Multiset.count x m) * ∏ x ∈ m.toFinset, if x = a then x else 1
error: RepVerify/P4ConjClassSn.lean:110:4: Tactic `apply` failed: could not unify the conclusion of `prod_subset hsub`
  ∏ x ∈ σ.cycleType.toFinset, ?m.408 x = ∏ x ∈ Ioc 1 n, ?m.408 x
with the goal
  ∏ j ∈ Ioc 1 n, j ^ Multiset.count j σ.cycleType = ∏ j ∈ σ.cycleType.toFinset, j ^ Multiset.count j σ.cycleType

Note: The full type of `prod_subset hsub` is
  (∀ x ∈ Ioc 1 n, x ∉ σ.cycleType.toFinset → ?m.408 x = 1) →
    ∏ x ∈ σ.cycleType.toFinset, ?m.408 x = ∏ x ∈ Ioc 1 n, ?m.408 x

n : ℕ
hn : 1 ≤ n
σ : Equiv.Perm (Fin n)
h1in : 1 ∈ Icc 1 n
hcyc1 : cycleCount σ 1 = n - σ.cycleType.sum
hcyc : ∀ j ∈ Ioc 1 n, cycleCount σ j = Multiset.count j σ.cycleType
hcycProd :
  ∏ j ∈ Ioc 1 n, j ^ Multiset.count j σ.cycleType * (Multiset.count j σ.cycleType).factorial =
    ∏ j ∈ Ioc 1 n, j ^ cycleCount σ j * (cycleCount σ j).factorial
hsub : σ.cycleType.toFinset ⊆ Ioc 1 n
hvan : ∀ j ∈ Ioc 1 n, j ∉ σ.cycleType.toFinset → Multiset.count j σ.cycleType = 0
⊢ ∏ j ∈ Ioc 1 n, j ^ Multiset.count j σ.cycleType = ∏ j ∈ σ.cycleType.toFinset, j ^ Multiset.count j σ.cycleType
error: RepVerify/P4ConjClassSn.lean:115:4: Tactic `apply` failed: could not unify the conclusion of `prod_subset hsub`
  ∏ x ∈ σ.cycleType.toFinset, ?m.449 x = ∏ x ∈ Ioc 1 n, ?m.449 x
with the goal
  ∏ j ∈ Ioc 1 n, (Multiset.count j σ.cycleType).factorial =
    ∏ j ∈ σ.cycleType.toFinset, (Multiset.count j σ.cycleType).factorial

Note: The full type of `prod_subset hsub` is
  (∀ x ∈ Ioc 1 n, x ∉ σ.cycleType.toFinset → ?m.449 x = 1) →
    ∏ x ∈ σ.cycleType.toFinset, ?m.449 x = ∏ x ∈ Ioc 1 n, ?m.449 x

n : ℕ
hn : 1 ≤ n
σ : Equiv.Perm (Fin n)
h1in : 1 ∈ Icc 1 n
hcyc1 : cycleCount σ 1 = n - σ.cycleType.sum
hcyc : ∀ j ∈ Ioc 1 n, cycleCount σ j = Multiset.count j σ.cycleType
hcycProd :
  ∏ j ∈ Ioc 1 n, j ^ Multiset.count j σ.cycleType * (Multiset.count j σ.cycleType).factorial =
    ∏ j ∈ Ioc 1 n, j ^ cycleCount σ j * (cycleCount σ j).factorial
hsub : σ.cycleType.toFinset ⊆ Ioc 1 n
hvan : ∀ j ∈ Ioc 1 n, j ∉ σ.cycleType.toFinset → Multiset.count j σ.cycleType = 0
t1 : ∏ j ∈ Ioc 1 n, j ^ Multiset.count j σ.cycleType = ∏ j ∈ σ.cycleType.toFinset, j ^ Multiset.count j σ.cycleType
⊢ ∏ j ∈ Ioc 1 n, (Multiset.count j σ.cycleType).factorial =
    ∏ j ∈ σ.cycleType.toFinset, (Multiset.count j σ.cycleType).factorial
error: RepVerify/P4ConjClassSn.lean:74:93: unsolved goals
n : ℕ
hn : 1 ≤ n
σ : Equiv.Perm (Fin n)
h1in : 1 ∈ Icc 1 n
hcyc1 : cycleCount σ 1 = n - σ.cycleType.sum
⊢ ℕ
error: Lean exited with code 1
✖ [2797/2800] Building RepVerify.Probe (2.2s)
trace: .> LEAN_PATH=/home/runner/work/shuati/shuati/math/representation-theory/lean-v001/.lake/packages/Cli/.lake/build/lib/lean:/home/runner/work/shuati/shuati/math/representation-theory/lean-v001/.lake/packages/batteries/.lake/build/lib/lean:/home/runner/work/shuati/shuati/math/representation-theory/lean-v001/.lake/packages/Qq/.lake/build/lib/lean:/home/runner/work/shuati/shuati/math/representation-theory/lean-v001/.lake/packages/aesop/.lake/build/lib/lean:/home/runner/work/shuati/shuati/math/representation-theory/lean-v001/.lake/packages/proofwidgets/.lake/build/lib/lean:/home/runner/work/shuati/shuati/math/representation-theory/lean-v001/.lake/packages/importGraph/.lake/build/lib/lean:/home/runner/work/shuati/shuati/math/representation-theory/lean-v001/.lake/packages/LeanSearchClient/.lake/build/lib/lean:/home/runner/work/shuati/shuati/math/representation-theory/lean-v001/.lake/packages/plausible/.lake/build/lib/lean:/home/runner/work/shuati/shuati/math/representation-theory/lean-v001/.lake/packages/mathlib/.lake/build/lib/lean:/home/runner/work/shuati/shuati/math/representation-theory/lean-v001/.lake/build/lib/lean /home/runner/.elan/toolchains/leanprover--lean4---v4.29.1/bin/lean /home/runner/work/shuati/shuati/math/representation-theory/lean-v001/RepVerify/Probe.lean -o /home/runner/work/shuati/shuati/math/representation-theory/lean-v001/.lake/build/lib/lean/RepVerify/Probe.olean -i /home/runner/work/shuati/shuati/math/representation-theory/lean-v001/.lake/build/lib/lean/RepVerify/Probe.ilean -c /home/runner/work/shuati/shuati/math/representation-theory/lean-v001/.lake/build/ir/RepVerify/Probe.c --setup /home/runner/work/shuati/shuati/math/representation-theory/lean-v001/.lake/build/ir/RepVerify/Probe.setup.json --json
error: RepVerify/Probe.lean:22:46: omega could not prove the goal:
No usable constraints found. You may need to unfold definitions so `omega` can see linear arithmetic facts about `Nat` and `Int`, which may also involve multiplication, division, and modular remainder by constants.
warning: RepVerify/Probe.lean:28:7: Used `tac1 <;> tac2` where `(tac1; tac2)` would suffice

Note: This linter can be disabled with `set_option linter.unnecessarySeqFocus false`
warning: RepVerify/Probe.lean:31:7: Used `tac1 <;> tac2` where `(tac1; tac2)` would suffice

Note: This linter can be disabled with `set_option linter.unnecessarySeqFocus false`
info: RepVerify/Probe.lean:56:0: @permMatrixHom : {n : Type u_1} →
  {R : Type u_2} →
    [inst : DecidableEq n] → [inst_1 : Fintype n] → [inst_2 : NonAssocSemiring R] → Perm n →* Matrix n n R
info: RepVerify/Probe.lean:57:0: @Fin.castPred : {n : ℕ} → (i : Fin (n + 1)) → i ≠ Fin.last n → Fin n
info: RepVerify/Probe.lean:58:0: @Fin.sum_univ_castSucc : ∀ {M : Type u_1} [inst : AddCommMonoid M] {n : ℕ} (f : Fin (n + 1) → M),
  ∑ i, f i = ∑ i, f i.castSucc + f (Fin.last n)
info: RepVerify/Probe.lean:59:0: @Perm.isSwap_iff_cycleType : ∀ {α : Type u_1} [inst : Fintype α] [inst_1 : DecidableEq α] {σ : Perm α},
  σ.IsSwap ↔ σ.cycleType = {2}
info: RepVerify/Probe.lean:60:0: @Finset.mul_prod_erase : ∀ {ι : Type u_1} {M : Type u_2} [inst : CommMonoid M] [inst_1 : DecidableEq ι] (s : Finset ι)
  (f : ι → M) {a : ι}, a ∈ s → f a * ∏ x ∈ s.erase a, f x = ∏ x ∈ s, f x
info: RepVerify/Probe.lean:61:0: Nat.cast_smul_eq_nsmul : ∀ (R : Type u_1) {M : Type u_2} [inst : Semiring R] [inst_1 : AddCommMonoid M]
  [inst_2 : Module R M] (n : ℕ) (b : M), ↑n • b = n • b
info: RepVerify/Probe.lean:62:0: @sum_comp : ∀ {ι : Type u_1} {κ : Type u_2} {M : Type u_3} [inst : Fintype ι] [inst_1 : Fintype κ]
  [inst_2 : AddCommMonoid M] (e : ι ≃ κ) (g : κ → M), ∑ i, g (e i) = ∑ i, g i
info: RepVerify/Probe.lean:63:0: @Equiv.mulLeft : {G : Type u_1} → [Group G] → G → Perm G
info: RepVerify/Probe.lean:64:0: Pi.basisFun : (R : Type u_1) → (η : Type u_2) → [inst : Semiring R] → [Finite η] → Module.Basis η R (η → R)
info: RepVerify/Probe.lean:65:0: LinearMap.trace_eq_matrix_trace : ∀ (R : Type u_1) [inst : CommSemiring R] {M : Type u_2} [inst_1 : AddCommMonoid M]
  [inst_2 : Module R M] {ι : Type u_3} [inst_3 : DecidableEq ι] [inst_4 : Fintype ι] (b : Module.Basis ι R M)
  (f : M →ₗ[R] M), (LinearMap.trace R M) f = ((LinearMap.toMatrix b b) f).trace
info: RepVerify/Probe.lean:66:0: @codisjoint_iff : ∀ {α : Type u_1} [inst : SemilatticeSup α] [inst_1 : OrderTop α] {a b : α}, Codisjoint a b ↔ a ⊔ b = ⊤
info: RepVerify/Probe.lean:67:0: LinearMap.funLeft : (R : Type u_1) →
  (M : Type u_2) →
    [inst : Semiring R] →
      [inst_1 : AddCommMonoid M] →
        [inst_2 : Module R M] → {m : Type u_3} → {n : Type u_4} → (m → n) → (n → M) →ₗ[R] m → M
info: RepVerify/Probe.lean:68:0: @Finsupp.basisSingleOne : {R : Type u_1} → {ι : Type u_2} → [inst : Semiring R] → Module.Basis ι R (ι →₀ R)
info: RepVerify/Probe.lean:69:0: Representation : (k : Type u_1) →
  (G : Type u_2) →
    (V : Type u_3) → [inst : Semiring k] → [Monoid G] → [inst_2 : AddCommMonoid V] → [Module k V] → Type (max u_2 u_3)
error: RepVerify/Probe.lean:75:8: typeclass instance problem is stuck, it is often due to metavariables
  (a : ?m.29) → AddCommMonoid (?m.30 a)
warning: RepVerify/Probe.lean:79:13: `LinearMap.coeFn_sum` has been deprecated: Use `LinearMap.coe_sum` instead
error: RepVerify/Probe.lean:78:43: unsolved goals
G : Type u_1
V : Type u_2
inst✝³ : Group G
inst✝² : Fintype G
inst✝¹ : AddCommGroup V
inst✝ : Module ℂ V
F : G → V →ₗ[ℂ] V
v : V
⊢ (∑ i, ⇑(F i)) v = ∑ g, (F g) v
warning: RepVerify/Probe.lean:79:34: This simp argument is unused:
  sum_apply

Hint: Omit it from the simp argument list.
  simp only [LinearMap.coeFn_sum,̵ ̵s̵u̵m̵_̵a̵p̵p̵l̵y̵]

Note: This linter can be disabled with `set_option linter.unusedSimpArgs false`
error: RepVerify/Probe.lean:82:16: Unknown constant `Equiv.perm`
info: RepVerify/Probe.lean:83:0: instFintype
info: RepVerify/Probe.lean:84:0: fun a b => Fintype.decidableEqEquivFintype a b
error: Lean exited with code 1
✖ [2798/2800] Building RepVerify.P2MaschkeProjection (2.3s)
trace: .> LEAN_PATH=/home/runner/work/shuati/shuati/math/representation-theory/lean-v001/.lake/packages/Cli/.lake/build/lib/lean:/home/runner/work/shuati/shuati/math/representation-theory/lean-v001/.lake/packages/batteries/.lake/build/lib/lean:/home/runner/work/shuati/shuati/math/representation-theory/lean-v001/.lake/packages/Qq/.lake/build/lib/lean:/home/runner/work/shuati/shuati/math/representation-theory/lean-v001/.lake/packages/aesop/.lake/build/lib/lean:/home/runner/work/shuati/shuati/math/representation-theory/lean-v001/.lake/packages/proofwidgets/.lake/build/lib/lean:/home/runner/work/shuati/shuati/math/representation-theory/lean-v001/.lake/packages/importGraph/.lake/build/lib/lean:/home/runner/work/shuati/shuati/math/representation-theory/lean-v001/.lake/packages/LeanSearchClient/.lake/build/lib/lean:/home/runner/work/shuati/shuati/math/representation-theory/lean-v001/.lake/packages/plausible/.lake/build/lib/lean:/home/runner/work/shuati/shuati/math/representation-theory/lean-v001/.lake/packages/mathlib/.lake/build/lib/lean:/home/runner/work/shuati/shuati/math/representation-theory/lean-v001/.lake/build/lib/lean /home/runner/.elan/toolchains/leanprover--lean4---v4.29.1/bin/lean /home/runner/work/shuati/shuati/math/representation-theory/lean-v001/RepVerify/P2MaschkeProjection.lean -o /home/runner/work/shuati/shuati/math/representation-theory/lean-v001/.lake/build/lib/lean/RepVerify/P2MaschkeProjection.olean -i /home/runner/work/shuati/shuati/math/representation-theory/lean-v001/.lake/build/lib/lean/RepVerify/P2MaschkeProjection.ilean -c /home/runner/work/shuati/shuati/math/representation-theory/lean-v001/.lake/build/ir/RepVerify/P2MaschkeProjection.c --setup /home/runner/work/shuati/shuati/math/representation-theory/lean-v001/.lake/build/ir/RepVerify/P2MaschkeProjection.setup.json --json
error: RepVerify/P2MaschkeProjection.lean:27:39: failed to synthesize instance of type class
  Semiring ℂ

Hint: Type class instance resolution failures can be inspected with the `set_option trace.Meta.synthInstance true` command.
error: RepVerify/P2MaschkeProjection.lean:28:14: failed to synthesize instance of type class
  Semiring ℂ

Hint: Type class instance resolution failures can be inspected with the `set_option trace.Meta.synthInstance true` command.
error: RepVerify/P2MaschkeProjection.lean:28:41: failed to synthesize instance of type class
  NonAssocSemiring ℂ

Hint: Type class instance resolution failures can be inspected with the `set_option trace.Meta.synthInstance true` command.
error: RepVerify/P2MaschkeProjection.lean:28:41: failed to synthesize instance of type class
  Semiring ℂ

Hint: Type class instance resolution failures can be inspected with the `set_option trace.Meta.synthInstance true` command.
error: RepVerify/P2MaschkeProjection.lean:28:57: failed to synthesize instance of type class
  Semiring ℂ

Hint: Type class instance resolution failures can be inspected with the `set_option trace.Meta.synthInstance true` command.
error: RepVerify/P2MaschkeProjection.lean:31:14: failed to synthesize instance of type class
  NonAssocSemiring ℂ

Hint: Type class instance resolution failures can be inspected with the `set_option trace.Meta.synthInstance true` command.
error: RepVerify/P2MaschkeProjection.lean:31:14: failed to synthesize instance of type class
  Semiring ℂ

Hint: Type class instance resolution failures can be inspected with the `set_option trace.Meta.synthInstance true` command.
error: RepVerify/P2MaschkeProjection.lean:32:2: Type mismatch
  Fintype.card G
has type
  ℕ
but is expected to have type
  ℂ
error: RepVerify/P2MaschkeProjection.lean:34:32: Type mismatch
  Fintype.card G
has type
  ℕ
but is expected to have type
  ℂ
error: RepVerify/P2MaschkeProjection.lean:40:13: Failed to infer type of binder `w`

Note: All parameter types and holes (e.g., `_`) in the header of a theorem are resolved before the proof is processed; information from the proof cannot be used to infer what these values should be
error: RepVerify/P2MaschkeProjection.lean:43:24: Unknown identifier `ρ`
error: RepVerify/P2MaschkeProjection.lean:49:24: Unknown identifier `ρ`
error: RepVerify/P2MaschkeProjection.lean:49:31: Unknown identifier `π`
error: RepVerify/P2MaschkeProjection.lean:49:36: Unknown identifier `ρ`
error: RepVerify/P2MaschkeProjection.lean:49:31: failed to synthesize instance of type class
  AddCommMonoid V

Hint: Type class instance resolution failures can be inspected with the `set_option trace.Meta.synthInstance true` command.
error: RepVerify/P2MaschkeProjection.lean:49:24: failed to synthesize instance of type class
  AddCommMonoid V

Hint: Type class instance resolution failures can be inspected with the `set_option trace.Meta.synthInstance true` command.
error: RepVerify/P2MaschkeProjection.lean:49:65: Unknown identifier `ℂ`
error: RepVerify/P2MaschkeProjection.lean:49:24: failed to synthesize instance of type class
  AddCommMonoid V

Hint: Type class instance resolution failures can be inspected with the `set_option trace.Meta.synthInstance true` command.
error: RepVerify/P2MaschkeProjection.lean:42:25: unsolved goals
V : Type u_3
G : Type u_1
inst✝¹ : Group G
inst✝ : Fintype G
hW : ∀ (g : G) (w : V), sorry → sorry
hπf : ∀ (w : ?m.41 hW), sorry → sorry = w
w : V
hw : sorry
hstep : ∀ (g : G), sorry = w
⊢ sorry = w
error: RepVerify/P2MaschkeProjection.lean:62:40: Unknown identifier `W`
error: RepVerify/P2MaschkeProjection.lean:62:26: Unknown identifier `ℂ`
warning: RepVerify/P2MaschkeProjection.lean:73:5: unused variable `hW`

Note: This linter can be disabled with `set_option linter.unusedVariables false`
warning: RepVerify/P2MaschkeProjection.lean:73:13: unused variable `g`

Note: This linter can be disabled with `set_option linter.unusedVariables false`
warning: RepVerify/P2MaschkeProjection.lean:74:5: unused variable `hπf`

Note: This linter can be disabled with `set_option linter.unusedVariables false`
warning: RepVerify/P2MaschkeProjection.lean:74:30: unused variable `hπr`

Note: This linter can be disabled with `set_option linter.unusedVariables false`
warning: RepVerify/P2MaschkeProjection.lean:74:38: unused variable `v`

Note: This linter can be disabled with `set_option linter.unusedVariables false`
warning: RepVerify/P2MaschkeProjection.lean:76:2: 'apply le_antisymm' tactic does nothing

Note: This linter can be disabled with `set_option linter.unusedTactic false`
warning: RepVerify/P2MaschkeProjection.lean:77:2: '·
  rintro v ⟨u, rfl⟩
  exact avgProj_apply_mem ρ π W hW hπr u' tactic does nothing

Note: This linter can be disabled with `set_option linter.unusedTactic false`
warning: RepVerify/P2MaschkeProjection.lean:79:2: '·
  intro w hw
  exact ⟨w, avgProj_apply_of_mem ρ π W hW hπf hw⟩' tactic does nothing

Note: This linter can be disabled with `set_option linter.unusedTactic false`
warning: RepVerify/P2MaschkeProjection.lean:76:2: this tactic is never executed

Note: This linter can be disabled with `set_option linter.unreachableTactic false`
warning: RepVerify/P2MaschkeProjection.lean:77:2: this tactic is never executed

Note: This linter can be disabled with `set_option linter.unreachableTactic false`
warning: RepVerify/P2MaschkeProjection.lean:79:2: this tactic is never executed

Note: This linter can be disabled with `set_option linter.unreachableTactic false`
error: RepVerify/P2MaschkeProjection.lean:86:4: typeclass instance problem is stuck
  AddCommMonoid ?m.44

Note: Lean will not try to resolve this typeclass instance problem because the type argument to `AddCommMonoid` is a metavariable. This argument must be fully determined before Lean will try to resolve the typeclass.

Hint: Adding type annotations and supplying implicit arguments to functions can give Lean more information for typeclass resolution. For example, if you have a variable `x` that you intend to be a `Nat`, but Lean reports it as having an unresolved type like `?m`, replacing `x` with `(x : Nat)` can get typeclass resolution un-stuck.
error: RepVerify/P2MaschkeProjection.lean:95:5: typeclass instance problem is stuck
  AddCommMonoid ?m.66

Note: Lean will not try to resolve this typeclass instance problem because the type argument to `AddCommMonoid` is a metavariable. This argument must be fully determined before Lean will try to resolve the typeclass.

Hint: Adding type annotations and supplying implicit arguments to functions can give Lean more information for typeclass resolution. For example, if you have a variable `x` that you intend to be a `Nat`, but Lean reports it as having an unresolved type like `?m`, replacing `x` with `(x : Nat)` can get typeclass resolution un-stuck.
error: RepVerify/P2MaschkeProjection.lean:122:4: typeclass instance problem is stuck
  AddCommMonoid ?m.44

Note: Lean will not try to resolve this typeclass instance problem because the type argument to `AddCommMonoid` is a metavariable. This argument must be fully determined before Lean will try to resolve the typeclass.

Hint: Adding type annotations and supplying implicit arguments to functions can give Lean more information for typeclass resolution. For example, if you have a variable `x` that you intend to be a `Nat`, but Lean reports it as having an unresolved type like `?m`, replacing `x` with `(x : Nat)` can get typeclass resolution un-stuck.
error: RepVerify/P2MaschkeProjection.lean:139:22: failed to synthesize instance of type class
  AddCommMonoid V

Hint: Type class instance resolution failures can be inspected with the `set_option trace.Meta.synthInstance true` command.
error: RepVerify/P2MaschkeProjection.lean:149:15: typeclass instance problem is stuck
  Module ?m.43 ?m.45

Note: Lean will not try to resolve this typeclass instance problem because the first, second, third, and fourth type arguments to `Module` are metavariables. These arguments must be fully determined before Lean will try to resolve the typeclass.

Hint: Adding type annotations and supplying implicit arguments to functions can give Lean more information for typeclass resolution. For example, if you have a variable `x` that you intend to be a `Nat`, but Lean reports it as having an unresolved type like `?m`, replacing `x` with `(x : Nat)` can get typeclass resolution un-stuck.
warning: RepVerify/P2MaschkeProjection.lean:168:5: unused variable `hW`

Note: This linter can be disabled with `set_option linter.unusedVariables false`
warning: RepVerify/P2MaschkeProjection.lean:168:13: unused variable `g`

Note: This linter can be disabled with `set_option linter.unusedVariables false`
warning: RepVerify/P2MaschkeProjection.lean:169:5: unused variable `hπf`

Note: This linter can be disabled with `set_option linter.unusedVariables false`
warning: RepVerify/P2MaschkeProjection.lean:169:30: unused variable `hπr`

Note: This linter can be disabled with `set_option linter.unusedVariables false`
warning: RepVerify/P2MaschkeProjection.lean:169:38: unused variable `v`

Note: This linter can be disabled with `set_option linter.unusedVariables false`
warning: RepVerify/P2MaschkeProjection.lean:171:11: unused variable `v`

Note: This linter can be disabled with `set_option linter.unusedVariables false`
warning: RepVerify/P2MaschkeProjection.lean:174:11: unused variable `h`

Note: This linter can be disabled with `set_option linter.unusedVariables false`
warning: RepVerify/P2MaschkeProjection.lean:175:11: unused variable `h`

Note: This linter can be disabled with `set_option linter.unusedVariables false`
error: RepVerify/P2MaschkeProjection.lean:186:0: Missing name after `end`: Expected the current scope name `RepVerify`

Hint: To end the current scope `RepVerify`, specify its name:
  end ̲R̲e̲p̲V̲e̲r̲i̲f̲y̲
error: Lean exited with code 1
Some required targets logged failures:
- RepVerify.P4ConjClassSn
- RepVerify.Probe
- RepVerify.P2MaschkeProjection
error: build failed
